=== Smoke Test IoT Gateway ===

[1] /healthz
  ✅ status 200
  ✅ body.status ok

[2] /admin/meta
  ✅ status 200
  ✅ dataTypes array
  ✅ deviceModels array
  ✅ deviceStatuses array
  ✅ electric_meter dataType present
  ✅ electric_meter model present

[3] Admin login
  ✅ status 200
  ✅ token present

[4] Create device (valid 20-char id)
  ✅ status 201
  [DEBUG] createDev: 201 body keys: ["id","model","presharedKey","projectId","status","lastHeartbeat","lastDataAt","createdAt","updatedAt"]
  ✅ presharedKey present
  ✅ model assigned

[5] Create device with invalid id
  ✅ status 400 reject

[6] Create device with invalid model
  ✅ status 400 reject

[7] Telemetry without HMAC headers (should 401)
  ✅ status 401

[8] Telemetry with bad signature (should 401)
  ✅ status 401

[9] Valid telemetry (HMAC + telemetry signature)
  ✅ status 200
  ✅ status accepted

[10] Idempotent telemetry (same triple, should 200 idempotent=true)
  ✅ status 200
  ✅ idempotent=true

[11] Valid heartbeat
  ✅ status 200
  ✅ status ok
  ✅ heartbeatInterval returned

[12] Device status should be online after heartbeat
  ✅ status 200
  ✅ status online (got online)

[13] Admin health with cleanup stats
  ✅ status 200
  ✅ deviceCount present
  ✅ cleanup stats present
  ✅ cleanup.nextRunAt present
  ✅ cleanup.intervalMs correct


=== Done ===
All tests PASSED!
